------------------------------------------------------------
TimeQuest Timing Analyzer Summary
------------------------------------------------------------

Type  : Slow 1100mV 85C Model Setup 'clk'
Slack : -0.649
TNS   : -4.109

Type  : Slow 1100mV 85C Model Hold 'clk'
Slack : 0.670
TNS   : 0.000

Type  : Slow 1100mV 85C Model Minimum Pulse Width 'clk'
Slack : -0.394
TNS   : -4.276

Type  : Slow 1100mV 0C Model Setup 'clk'
Slack : -0.724
TNS   : -4.616

Type  : Slow 1100mV 0C Model Hold 'clk'
Slack : 0.713
TNS   : 0.000

Type  : Slow 1100mV 0C Model Minimum Pulse Width 'clk'
Slack : -0.394
TNS   : -4.559

Type  : Fast 1100mV 85C Model Setup 'clk'
Slack : 0.079
TNS   : 0.000

Type  : Fast 1100mV 85C Model Hold 'clk'
Slack : 0.300
TNS   : 0.000

Type  : Fast 1100mV 85C Model Minimum Pulse Width 'clk'
Slack : -0.080
TNS   : -0.637

Type  : Fast 1100mV 0C Model Setup 'clk'
Slack : 0.094
TNS   : 0.000

Type  : Fast 1100mV 0C Model Hold 'clk'
Slack : 0.294
TNS   : 0.000

Type  : Fast 1100mV 0C Model Minimum Pulse Width 'clk'
Slack : -0.080
TNS   : -0.634

------------------------------------------------------------
